#
# There is insufficient memory for the Java Runtime Environment to continue.
# Native memory allocation (malloc) failed to allocate 1048576 bytes. Error detail: AllocateHeap
# Possible reasons:
#   The system is out of physical RAM or swap space
#   This process is running with CompressedOops enabled, and the Java Heap may be blocking the growth of the native heap
# Possible solutions:
#   Reduce memory load on the system
#   Increase physical memory or swap space
#   Check if swap backing store is full
#   Decrease Java heap size (-Xmx/-Xms)
#   Decrease number of Java threads
#   Decrease Java thread stack sizes (-Xss)
#   Set larger code cache with -XX:ReservedCodeCacheSize=
#   JVM is running with Unscaled Compressed Oops mode in which the Java heap is
#     placed in the first 4GB address space. The Java Heap base address is the
#     maximum limit for the native heap growth. Please use -XX:HeapBaseMinAddress
#     to set the Java Heap base and to place the Java Heap above 4GB virtual address.
# This output file may be truncated or incomplete.
#
#  Out of Memory Error (allocation.cpp:44), pid=23700, tid=22336
#
# JRE version: OpenJDK Runtime Environment Temurin-21.0.10+7 (21.0.10+7) (build 21.0.10+7-LTS)
# Java VM: OpenJDK 64-Bit Server VM Temurin-21.0.10+7 (21.0.10+7-LTS, mixed mode, sharing, tiered, compressed oops, compressed class ptrs, parallel gc, windows-amd64)
# No core dump will be written. Minidumps are not enabled by default on client versions of Windows
#

---------------  S U M M A R Y ------------

Command Line: --add-modules=ALL-SYSTEM --add-opens=java.base/java.util=ALL-UNNAMED --add-opens=java.base/java.lang=ALL-UNNAMED --add-opens=java.base/sun.nio.fs=ALL-UNNAMED -Declipse.application=org.eclipse.jdt.ls.core.id1 -Dosgi.bundles.defaultStartLevel=4 -Declipse.product=org.eclipse.jdt.ls.core.product -Djava.import.generatesMetadataFilesAtProjectRoot=false -DDetectVMInstallationsJob.disabled=true -Dfile.encoding=utf8 -XX:+UseParallelGC -XX:GCTimeRatio=4 -XX:AdaptiveSizePolicyWeight=90 -Dsun.zip.disableMemoryMapping=true -Xmx2G -Xms100m -Xlog:disable -javaagent:c:\Users\ASUS\.vscode\extensions\redhat.java-1.53.0-win32-x64\lombok\lombok-1.18.39-4050.jar -XX:+HeapDumpOnOutOfMemoryError -XX:HeapDumpPath=c:\Users\ASUS\AppData\Roaming\Code\User\workspaceStorage\8ec2374690fe925e4280eb499ba8496e\redhat.java -Daether.dependencyCollector.impl=bf c:\Users\ASUS\.vscode\extensions\redhat.java-1.53.0-win32-x64\server\plugins\org.eclipse.equinox.launcher_1.7.100.v20251111-0406.jar -configuration c:\Users\ASUS\AppData\Roaming\Code\User\globalStorage\redhat.java\1.53.0\config_win -data c:\Users\ASUS\AppData\Roaming\Code\User\workspaceStorage\8ec2374690fe925e4280eb499ba8496e\redhat.java\jdt_ws --pipe=\\.\pipe\lsp-857055eb3a6e21e70792407971144fe8-sock

Host: 12th Gen Intel(R) Core(TM) i5-12500H, 16 cores, 15G,  Windows 11 , 64 bit Build 26100 (10.0.26100.7920)
Time: Mon Mar 30 11:01:16 2026 SE Asia Standard Time elapsed time: 10672.768665 seconds (0d 2h 57m 52s)

---------------  T H R E A D  ---------------

Current thread (0x000001acf4e2b760):  JavaThread "Attach Listener" daemon [_thread_in_vm, id=22336, stack(0x00000078a8a00000,0x00000078a8b00000) (1024K)]

Stack: [0x00000078a8a00000,0x00000078a8b00000]
Native frames: (J=compiled Java code, j=interpreted, Vv=VM code, C=native code)
V  [jvm.dll+0x6d7a39]
V  [jvm.dll+0x8b4b26]
V  [jvm.dll+0x8b70de]
V  [jvm.dll+0x8b77c3]
V  [jvm.dll+0x284346]
V  [jvm.dll+0xc1277]
V  [jvm.dll+0x6d82e9]
V  [jvm.dll+0x1334a6]
V  [jvm.dll+0x3f857e]
V  [jvm.dll+0x85f59d]
V  [jvm.dll+0x6d626d]
C  [ucrtbase.dll+0x37b0]
C  [KERNEL32.DLL+0x2e8d7]
C  [ntdll.dll+0x8c48c]


---------------  P R O C E S S  ---------------

Threads class SMR info:
_java_thread_list=0x000001ace5bd2e80, length=42, elements={
0x000001acf4d7f190, 0x000001acf4e24180, 0x000001acf4e24fa0, 0x000001acf4e2a8a0,
0x000001acf4e2b760, 0x000001acf4e31910, 0x000001acf4e34250, 0x000001acf4e2fbe0,
0x000001acfdb07840, 0x000001acfddc92a0, 0x000001acfde63530, 0x000001acd4217800,
0x000001acfdc0c570, 0x000001acff688720, 0x000001acff686650, 0x000001acff685fc0,
0x000001acff68a160, 0x000001acff688db0, 0x000001acff68a7f0, 0x000001acff687a00,
0x000001acff68ae80, 0x000001acff68b510, 0x000001acff68d5e0, 0x000001acff68bba0,
0x000001acff68c230, 0x000001acff68c8c0, 0x000001acff68cf50, 0x000001acd4faac40,
0x000001acd4faa5b0, 0x000001acd4fac680, 0x000001acd4fab2d0, 0x000001acd4fae0c0,
0x000001acd4fae750, 0x000001acd4facd10, 0x000001acd4fada30, 0x000001acd4faede0,
0x000001acd4fad3a0, 0x000001acd4fab960, 0x000001acd4faf470, 0x000001acd4fabff0,
0x000001acd4fafb00, 0x000001ace985bf90
}

Java Threads: ( => current thread )
  0x000001acf4d7f190 JavaThread "main"                              [_thread_blocked, id=13104, stack(0x00000078a8300000,0x00000078a8400000) (1024K)]
  0x000001acf4e24180 JavaThread "Reference Handler"          daemon [_thread_blocked, id=23924, stack(0x00000078a8700000,0x00000078a8800000) (1024K)]
  0x000001acf4e24fa0 JavaThread "Finalizer"                  daemon [_thread_blocked, id=8956, stack(0x00000078a8800000,0x00000078a8900000) (1024K)]
  0x000001acf4e2a8a0 JavaThread "Signal Dispatcher"          daemon [_thread_blocked, id=14784, stack(0x00000078a8900000,0x00000078a8a00000) (1024K)]
=>0x000001acf4e2b760 JavaThread "Attach Listener"            daemon [_thread_in_vm, id=22336, stack(0x00000078a8a00000,0x00000078a8b00000) (1024K)]
  0x000001acf4e31910 JavaThread "Service Thread"             daemon [_thread_blocked, id=8264, stack(0x00000078a8b00000,0x00000078a8c00000) (1024K)]
  0x000001acf4e34250 JavaThread "Monitor Deflation Thread"   daemon [_thread_blocked, id=23508, stack(0x00000078a8c00000,0x00000078a8d00000) (1024K)]
  0x000001acf4e2fbe0 JavaThread "C2 CompilerThread0"         daemon [_thread_blocked, id=2452, stack(0x00000078a8d00000,0x00000078a8e00000) (1024K)]
  0x000001acfdb07840 JavaThread "C1 CompilerThread0"         daemon [_thread_blocked, id=15112, stack(0x00000078a8e00000,0x00000078a8f00000) (1024K)]
  0x000001acfddc92a0 JavaThread "Common-Cleaner"             daemon [_thread_blocked, id=9940, stack(0x00000078a9200000,0x00000078a9300000) (1024K)]
  0x000001acfde63530 JavaThread "Notification Thread"        daemon [_thread_blocked, id=15468, stack(0x00000078a9400000,0x00000078a9500000) (1024K)]
  0x000001acd4217800 JavaThread "Active Thread: Equinox Container: 3b089902-80fe-4e87-8438-acf84b23fd18"        [_thread_blocked, id=5752, stack(0x00000078a9d00000,0x00000078a9e00000) (1024K)]
  0x000001acfdc0c570 JavaThread "Refresh Thread: Equinox Container: 3b089902-80fe-4e87-8438-acf84b23fd18" daemon [_thread_blocked, id=7892, stack(0x00000078a8f00000,0x00000078a9000000) (1024K)]
  0x000001acff688720 JavaThread "Framework Event Dispatcher: Equinox Container: 3b089902-80fe-4e87-8438-acf84b23fd18" daemon [_thread_blocked, id=19012, stack(0x00000078ab100000,0x00000078ab200000) (1024K)]
  0x000001acff686650 JavaThread "Start Level: Equinox Container: 3b089902-80fe-4e87-8438-acf84b23fd18" daemon [_thread_blocked, id=6024, stack(0x00000078ab200000,0x00000078ab300000) (1024K)]
  0x000001acff685fc0 JavaThread "Bundle File Closer"         daemon [_thread_blocked, id=1616, stack(0x00000078aad00000,0x00000078aae00000) (1024K)]
  0x000001acff68a160 JavaThread "SCR Component Actor"        daemon [_thread_blocked, id=14984, stack(0x00000078a9000000,0x00000078a9100000) (1024K)]
  0x000001acff688db0 JavaThread "Worker-JM"                         [_thread_blocked, id=17228, stack(0x00000078aa000000,0x00000078aa100000) (1024K)]
  0x000001acff68a7f0 JavaThread "Java indexing"              daemon [_thread_blocked, id=21760, stack(0x00000078aa800000,0x00000078aa900000) (1024K)]
  0x000001acff687a00 JavaThread "JNA Cleaner"                daemon [_thread_blocked, id=2996, stack(0x00000078aa900000,0x00000078aaa00000) (1024K)]
  0x000001acff68ae80 JavaThread "Worker-5"                          [_thread_blocked, id=1836, stack(0x00000078ab000000,0x00000078ab100000) (1024K)]
  0x000001acff68b510 JavaThread "Thread-1"                   daemon [_thread_in_native, id=24368, stack(0x00000078ab600000,0x00000078ab700000) (1024K)]
  0x000001acff68d5e0 JavaThread "Thread-2"                   daemon [_thread_in_native, id=7048, stack(0x00000078ab700000,0x00000078ab800000) (1024K)]
  0x000001acff68bba0 JavaThread "Thread-3"                   daemon [_thread_in_native, id=7312, stack(0x00000078ab800000,0x00000078ab900000) (1024K)]
  0x000001acff68c230 JavaThread "Thread-4"                   daemon [_thread_in_native, id=20896, stack(0x00000078ab900000,0x00000078aba00000) (1024K)]
  0x000001acff68c8c0 JavaThread "Thread-5"                   daemon [_thread_in_native, id=17260, stack(0x00000078aba00000,0x00000078abb00000) (1024K)]
  0x000001acff68cf50 JavaThread "Thread-6"                   daemon [_thread_in_native, id=18512, stack(0x00000078abb00000,0x00000078abc00000) (1024K)]
  0x000001acd4faac40 JavaThread "Thread-7"                   daemon [_thread_in_native, id=12956, stack(0x00000078abc00000,0x00000078abd00000) (1024K)]
  0x000001acd4faa5b0 JavaThread "Thread-8"                   daemon [_thread_in_native, id=22224, stack(0x00000078abd00000,0x00000078abe00000) (1024K)]
  0x000001acd4fac680 JavaThread "Thread-9"                   daemon [_thread_in_native, id=6660, stack(0x00000078abe00000,0x00000078abf00000) (1024K)]
  0x000001acd4fab2d0 JavaThread "Thread-10"                  daemon [_thread_in_native, id=11332, stack(0x00000078abf00000,0x00000078ac000000) (1024K)]
  0x000001acd4fae0c0 JavaThread "Thread-11"                  daemon [_thread_in_native, id=6080, stack(0x00000078ac000000,0x00000078ac100000) (1024K)]
  0x000001acd4fae750 JavaThread "Thread-12"                  daemon [_thread_in_native, id=3148, stack(0x00000078ac100000,0x00000078ac200000) (1024K)]
  0x000001acd4facd10 JavaThread "Thread-13"                  daemon [_thread_in_native, id=22176, stack(0x00000078ac200000,0x00000078ac300000) (1024K)]
  0x000001acd4fada30 JavaThread "Thread-14"                  daemon [_thread_in_native, id=12680, stack(0x00000078ac300000,0x00000078ac400000) (1024K)]
  0x000001acd4faede0 JavaThread "Thread-15"                  daemon [_thread_in_native, id=7456, stack(0x00000078ac400000,0x00000078ac500000) (1024K)]
  0x000001acd4fad3a0 JavaThread "Thread-16"                  daemon [_thread_in_native, id=14332, stack(0x00000078ac500000,0x00000078ac600000) (1024K)]
  0x000001acd4fab960 JavaThread "Thread-17"                  daemon [_thread_in_native, id=2648, stack(0x00000078ac600000,0x00000078ac700000) (1024K)]
  0x000001acd4faf470 JavaThread "pool-2-thread-1"                   [_thread_blocked, id=19144, stack(0x00000078ac700000,0x00000078ac800000) (1024K)]
  0x000001acd4fabff0 JavaThread "WorkspaceEventsHandler"            [_thread_blocked, id=14356, stack(0x00000078ac900000,0x00000078aca00000) (1024K)]
  0x000001acd4fafb00 JavaThread "pool-1-thread-1"                   [_thread_blocked, id=4596, stack(0x00000078aca00000,0x00000078acb00000) (1024K)]
  0x000001ace985bf90 JavaThread "Worker-7"                          [_thread_blocked, id=14688, stack(0x00000078a9100000,0x00000078a9200000) (1024K)]
Total: 42

Other Threads:
  0x000001acf4e1fbb0 VMThread "VM Thread"                           [id=19628, stack(0x00000078a8600000,0x00000078a8700000) (1024K)]
  0x000001acf4c0ba00 WatcherThread "VM Periodic Task Thread"        [id=15708, stack(0x00000078a8500000,0x00000078a8600000) (1024K)]
  0x000001acf4d9ea80 WorkerThread "GC Thread#0"                     [id=15980, stack(0x00000078a8400000,0x00000078a8500000) (1024K)]
  0x000001acff94b7f0 WorkerThread "GC Thread#1"                     [id=7752, stack(0x00000078a9600000,0x00000078a9700000) (1024K)]
  0x000001acff94bba0 WorkerThread "GC Thread#2"                     [id=18092, stack(0x00000078a9700000,0x00000078a9800000) (1024K)]
  0x000001acff94bf50 WorkerThread "GC Thread#3"                     [id=9404, stack(0x00000078a9800000,0x00000078a9900000) (1024K)]
  0x000001acff94c300 WorkerThread "GC Thread#4"                     [id=19360, stack(0x00000078a9900000,0x00000078a9a00000) (1024K)]
  0x000001acff94c6b0 WorkerThread "GC Thread#5"                     [id=7868, stack(0x00000078a9a00000,0x00000078a9b00000) (1024K)]
  0x000001acff94ace0 WorkerThread "GC Thread#6"                     [id=22544, stack(0x00000078a9b00000,0x00000078a9c00000) (1024K)]
  0x000001acff8ab2c0 WorkerThread "GC Thread#7"                     [id=3084, stack(0x00000078a9e00000,0x00000078a9f00000) (1024K)]
  0x000001acff8a98f0 WorkerThread "GC Thread#8"                     [id=21792, stack(0x00000078ab300000,0x00000078ab400000) (1024K)]
  0x000001acff8a8680 WorkerThread "GC Thread#9"                     [id=24012, stack(0x00000078ab400000,0x00000078ab500000) (1024K)]
  0x000001acff8ab670 WorkerThread "GC Thread#10"                    [id=10560, stack(0x00000078ab500000,0x00000078ab600000) (1024K)]
  0x000001acff8a8a30 WorkerThread "GC Thread#11"                    [id=4584, stack(0x00000078a9c00000,0x00000078a9d00000) (1024K)]
  0x000001acff8aa400 WorkerThread "GC Thread#12"                    [id=15500, stack(0x00000078a9f00000,0x00000078aa000000) (1024K)]
Total: 15

Threads with active compile tasks:
Total: 0

VM state: not at safepoint (normal execution)

VM Mutex/Monitor currently owned by a thread: None

Heap address: 0x0000000080000000, size: 2048 MB, Compressed Oops mode: 32-bit

CDS archive(s) mapped at: [0x000001ac8f000000-0x000001ac8fba0000-0x000001ac8fba0000), size 12189696, SharedBaseAddress: 0x000001ac8f000000, ArchiveRelocationMode: 1.
Compressed class space mapped at: 0x000001ac90000000-0x000001acd0000000, reserved size: 1073741824
Narrow klass base: 0x000001ac8f000000, Narrow klass shift: 0, Narrow klass range: 0x100000000

GC Precious Log:
 CardTable entry size: 512
 CPUs: 16 total, 16 available
 Memory: 16004M
 Large Page Support: Disabled
 NUMA Support: Disabled
 Compressed Oops: Enabled (32-bit)
 Alignments: Space 512K, Generation 512K, Heap 2M
 Heap Min Capacity: 100M
 Heap Initial Capacity: 100M
 Heap Max Capacity: 2G
 Pre-touch: Disabled
 Parallel Workers: 13

Heap:
 PSYoungGen      total 2560K, used 1424K [0x00000000d5580000, 0x00000000d5900000, 0x0000000100000000)
  eden space 2048K, 63% used [0x00000000d5580000,0x00000000d56c40d8,0x00000000d5780000)
  from space 512K, 25% used [0x00000000d5880000,0x00000000d58a0000,0x00000000d5900000)
  to   space 512K, 0% used [0x00000000d5800000,0x00000000d5800000,0x00000000d5880000)
 ParOldGen       total 545280K, used 545068K [0x0000000080000000, 0x00000000a1480000, 0x00000000d5580000)
  object space 545280K, 99% used [0x0000000080000000,0x00000000a144b2e8,0x00000000a1480000)
 Metaspace       used 70251K, committed 71744K, reserved 1114112K
  class space    used 7213K, committed 7936K, reserved 1048576K

Card table byte_map: [0x000001acf4720000,0x000001acf4b30000] _byte_map_base: 0x000001acf4320000

Marking Bits: (ParMarkBitMap*) 0x00007ffdf3da3450
 Begin Bits: [0x000001acf8230000, 0x000001acfa230000)
 End Bits:   [0x000001acfa230000, 0x000001acfc230000)

Polling page: 0x000001acf2bd0000

Metaspace:

Usage:
  Non-class:     61.56 MB used.
      Class:      7.04 MB used.
       Both:     68.61 MB used.

Virtual space:
  Non-class space:       64.00 MB reserved,      62.31 MB ( 97%) committed,  1 nodes.
      Class space:        1.00 GB reserved,       7.75 MB ( <1%) committed,  1 nodes.
             Both:        1.06 GB reserved,      70.06 MB (  6%) committed. 

Chunk freelists:
   Non-Class:  1.72 MB
       Class:  8.17 MB
        Both:  9.88 MB

MaxMetaspaceSize: unlimited
CompressedClassSpaceSize: 1.00 GB
Initial GC threshold: 21.00 MB
Current GC threshold: 97.31 MB
CDS: on
 - commit_granule_bytes: 65536.
 - commit_granule_words: 8192.
 - virtual_space_node_default_size: 8388608.
 - enlarge_chunks_in_place: 1.
 - use_allocation_guard: 0.


Internal statistics:

num_allocs_failed_limit: 9.
num_arena_births: 1234.
num_arena_deaths: 40.
num_vsnodes_births: 2.
num_vsnodes_deaths: 0.
num_space_committed: 1121.
num_space_uncommitted: 0.
num_chunks_returned_to_freelist: 60.
num_chunks_taken_from_freelist: 4430.
num_chunk_merges: 10.
num_chunk_splits: 2676.
num_chunks_enlarged: 1515.
num_inconsistent_stats: 0.

CodeHeap 'non-profiled nmethods': size=119168Kb used=12505Kb max_used=12505Kb free=106662Kb
 bounds [0x000001ac87ba0000, 0x000001ac887e0000, 0x000001ac8f000000]
CodeHeap 'profiled nmethods': size=119104Kb used=35152Kb max_used=35152Kb free=83951Kb
 bounds [0x000001ac80000000, 0x000001ac82260000, 0x000001ac87450000]
CodeHeap 'non-nmethods': size=7488Kb used=1487Kb max_used=3316Kb free=6000Kb
 bounds [0x000001ac87450000, 0x000001ac877b0000, 0x000001ac87ba0000]
CodeCache: size=245760Kb, used=49144Kb, max_used=50973Kb, free=196613Kb
 total_blobs=15031, nmethods=14232, adapters=701, full_count=0
Compilation: enabled, stopped_count=0, restarted_count=0

Compilation events (20 events):
Event: 7683.369 Thread 0x000001acfdb07840 15156   !   3       org.eclipse.osgi.internal.framework.StorageSaver$StorageSaverTask::run (31 bytes)
Event: 7683.374 Thread 0x000001acfdb07840 nmethod 15156 0x000001ac8224cf90 code [0x000001ac8224d160, 0x000001ac8224d400]
Event: 7683.374 Thread 0x000001acfdb07840 15157   !   3       org.eclipse.osgi.storage.Storage::save (62 bytes)
Event: 7683.374 Thread 0x000001acfdb07840 nmethod 15157 0x000001ac8224d590 code [0x000001ac8224d780, 0x000001ac8224daf0]
Event: 7683.374 Thread 0x000001acfdb07840 15158   !   3       org.eclipse.osgi.storage.Storage::save0 (246 bytes)
Event: 7683.380 Thread 0x000001acfdb07840 nmethod 15158 0x000001ac8224dc90 code [0x000001ac8224e1a0, 0x000001ac82250d88]
Event: 7707.826 Thread 0x000001acfdb07840 15159       3       java.util.logging.Logger::getLogger (8 bytes)
Event: 7707.829 Thread 0x000001acfdb07840 nmethod 15159 0x000001ac82252310 code [0x000001ac822524e0, 0x000001ac822526a0]
Event: 7707.829 Thread 0x000001acfdb07840 15160       3       java.util.logging.Logger::getLogger (7 bytes)
Event: 7707.830 Thread 0x000001acfdb07840 nmethod 15160 0x000001ac82252790 code [0x000001ac82252940, 0x000001ac82252a68]
Event: 7707.830 Thread 0x000001acfdb07840 15161       3       java.util.logging.Logger::demandLogger (36 bytes)
Event: 7707.830 Thread 0x000001acfdb07840 nmethod 15161 0x000001ac82252b10 code [0x000001ac82252da0, 0x000001ac82253850]
Event: 7988.656 Thread 0x000001acfdb07840 15162       3       java.util.concurrent.locks.AbstractQueuedSynchronizer$Node::getAndUnsetStatus (14 bytes)
Event: 7988.657 Thread 0x000001acfdb07840 nmethod 15162 0x000001ac82253c90 code [0x000001ac82253e60, 0x000001ac82254100]
Event: 8313.846 Thread 0x000001acf4e2fbe0 15163       4       java.util.concurrent.locks.ReentrantReadWriteLock$Sync::tryAcquireShared (177 bytes)
Event: 8313.860 Thread 0x000001acf4e2fbe0 nmethod 15163 0x000001ac887d5390 code [0x000001ac887d5560, 0x000001ac887d5848]
Event: 8319.367 Thread 0x000001acf4e2fbe0 15164       4       java.util.concurrent.locks.LockSupport::setBlocker (12 bytes)
Event: 8319.368 Thread 0x000001acf4e2fbe0 nmethod 15164 0x000001ac887d5b10 code [0x000001ac887d5c80, 0x000001ac887d5d08]
Event: 8343.848 Thread 0x000001acf4e2fbe0 15165       4       java.util.concurrent.locks.AbstractQueuedSynchronizer::acquireShared (20 bytes)
Event: 8343.854 Thread 0x000001acf4e2fbe0 nmethod 15165 0x000001ac887d5e10 code [0x000001ac887d5fe0, 0x000001ac887d6320]

GC Heap History (20 events):
Event: 459.689 GC heap before
{Heap before GC invocations=650 (full 3):
 PSYoungGen      total 2560K, used 2496K [0x00000000d5580000, 0x00000000d5a80000, 0x0000000100000000)
  eden space 2048K, 100% used [0x00000000d5580000,0x00000000d5780000,0x00000000d5780000)
  from space 512K, 87% used [0x00000000d5a00000,0x00000000d5a70020,0x00000000d5a80000)
  to   space 512K, 0% used [0x00000000d5980000,0x00000000d5980000,0x00000000d5a00000)
 ParOldGen       total 541696K, used 541217K [0x0000000080000000, 0x00000000a1100000, 0x00000000d5580000)
  object space 541696K, 99% used [0x0000000080000000,0x00000000a10886f8,0x00000000a1100000)
 Metaspace       used 69989K, committed 71424K, reserved 1114112K
  class space    used 7193K, committed 7872K, reserved 1048576K
}
Event: 459.689 GC heap after
{Heap after GC invocations=650 (full 3):
 PSYoungGen      total 2560K, used 507K [0x00000000d5580000, 0x00000000d5a80000, 0x0000000100000000)
  eden space 2048K, 0% used [0x00000000d5580000,0x00000000d5580000,0x00000000d5780000)
  from space 512K, 99% used [0x00000000d5980000,0x00000000d59fefa0,0x00000000d5a00000)
  to   space 512K, 0% used [0x00000000d5a00000,0x00000000d5a00000,0x00000000d5a80000)
 ParOldGen       total 541696K, used 541459K [0x0000000080000000, 0x00000000a1100000, 0x00000000d5580000)
  object space 541696K, 99% used [0x0000000080000000,0x00000000a10c4d30,0x00000000a1100000)
 Metaspace       used 69989K, committed 71424K, reserved 1114112K
  class space    used 7193K, committed 7872K, reserved 1048576K
}
Event: 459.699 GC heap before
{Heap before GC invocations=651 (full 3):
 PSYoungGen      total 2560K, used 2555K [0x00000000d5580000, 0x00000000d5a80000, 0x0000000100000000)
  eden space 2048K, 100% used [0x00000000d5580000,0x00000000d5780000,0x00000000d5780000)
  from space 512K, 99% used [0x00000000d5980000,0x00000000d59fefa0,0x00000000d5a00000)
  to   space 512K, 0% used [0x00000000d5a00000,0x00000000d5a00000,0x00000000d5a80000)
 ParOldGen       total 541696K, used 541459K [0x0000000080000000, 0x00000000a1100000, 0x00000000d5580000)
  object space 541696K, 99% used [0x0000000080000000,0x00000000a10c4d30,0x00000000a1100000)
 Metaspace       used 69989K, committed 71424K, reserved 1114112K
  class space    used 7193K, committed 7872K, reserved 1048576K
}
Event: 459.700 GC heap after
{Heap after GC invocations=651 (full 3):
 PSYoungGen      total 2560K, used 512K [0x00000000d5580000, 0x00000000d5a80000, 0x0000000100000000)
  eden space 2048K, 0% used [0x00000000d5580000,0x00000000d5580000,0x00000000d5780000)
  from space 512K, 100% used [0x00000000d5a00000,0x00000000d5a80000,0x00000000d5a80000)
  to   space 1536K, 0% used [0x00000000d5780000,0x00000000d5780000,0x00000000d5900000)
 ParOldGen       total 542208K, used 542021K [0x0000000080000000, 0x00000000a1180000, 0x00000000d5580000)
  object space 542208K, 99% used [0x0000000080000000,0x00000000a1151750,0x00000000a1180000)
 Metaspace       used 69989K, committed 71424K, reserved 1114112K
  class space    used 7193K, committed 7872K, reserved 1048576K
}
Event: 459.726 GC heap before
{Heap before GC invocations=652 (full 3):
 PSYoungGen      total 2560K, used 2560K [0x00000000d5580000, 0x00000000d5a80000, 0x0000000100000000)
  eden space 2048K, 100% used [0x00000000d5580000,0x00000000d5780000,0x00000000d5780000)
  from space 512K, 100% used [0x00000000d5a00000,0x00000000d5a80000,0x00000000d5a80000)
  to   space 1536K, 0% used [0x00000000d5780000,0x00000000d5780000,0x00000000d5900000)
 ParOldGen       total 542208K, used 542021K [0x0000000080000000, 0x00000000a1180000, 0x00000000d5580000)
  object space 542208K, 99% used [0x0000000080000000,0x00000000a1151750,0x00000000a1180000)
 Metaspace       used 70024K, committed 71424K, reserved 1114112K
  class space    used 7197K, committed 7872K, reserved 1048576K
}
Event: 459.728 GC heap after
{Heap after GC invocations=652 (full 3):
 PSYoungGen      total 3584K, used 640K [0x00000000d5580000, 0x00000000d5a80000, 0x0000000100000000)
  eden space 2048K, 0% used [0x00000000d5580000,0x00000000d5580000,0x00000000d5780000)
  from space 1536K, 41% used [0x00000000d5780000,0x00000000d5820000,0x00000000d5900000)
  to   space 1024K, 0% used [0x00000000d5980000,0x00000000d5980000,0x00000000d5a80000)
 ParOldGen       total 542720K, used 542440K [0x0000000080000000, 0x00000000a1200000, 0x00000000d5580000)
  object space 542720K, 99% used [0x0000000080000000,0x00000000a11ba1d0,0x00000000a1200000)
 Metaspace       used 70024K, committed 71424K, reserved 1114112K
  class space    used 7197K, committed 7872K, reserved 1048576K
}
Event: 459.738 GC heap before
{Heap before GC invocations=653 (full 3):
 PSYoungGen      total 3584K, used 2688K [0x00000000d5580000, 0x00000000d5a80000, 0x0000000100000000)
  eden space 2048K, 100% used [0x00000000d5580000,0x00000000d5780000,0x00000000d5780000)
  from space 1536K, 41% used [0x00000000d5780000,0x00000000d5820000,0x00000000d5900000)
  to   space 1024K, 0% used [0x00000000d5980000,0x00000000d5980000,0x00000000d5a80000)
 ParOldGen       total 542720K, used 542440K [0x0000000080000000, 0x00000000a1200000, 0x00000000d5580000)
  object space 542720K, 99% used [0x0000000080000000,0x00000000a11ba1d0,0x00000000a1200000)
 Metaspace       used 70027K, committed 71552K, reserved 1114112K
  class space    used 7198K, committed 7936K, reserved 1048576K
}
Event: 459.739 GC heap after
{Heap after GC invocations=653 (full 3):
 PSYoungGen      total 3072K, used 640K [0x00000000d5580000, 0x00000000d5a80000, 0x0000000100000000)
  eden space 2048K, 0% used [0x00000000d5580000,0x00000000d5580000,0x00000000d5780000)
  from space 1024K, 62% used [0x00000000d5980000,0x00000000d5a20000,0x00000000d5a80000)
  to   space 1024K, 0% used [0x00000000d5880000,0x00000000d5880000,0x00000000d5980000)
 ParOldGen       total 543232K, used 542933K [0x0000000080000000, 0x00000000a1280000, 0x00000000d5580000)
  object space 543232K, 99% used [0x0000000080000000,0x00000000a1235428,0x00000000a1280000)
 Metaspace       used 70027K, committed 71552K, reserved 1114112K
  class space    used 7198K, committed 7936K, reserved 1048576K
}
Event: 459.760 GC heap before
{Heap before GC invocations=654 (full 3):
 PSYoungGen      total 3072K, used 2688K [0x00000000d5580000, 0x00000000d5a80000, 0x0000000100000000)
  eden space 2048K, 100% used [0x00000000d5580000,0x00000000d5780000,0x00000000d5780000)
  from space 1024K, 62% used [0x00000000d5980000,0x00000000d5a20000,0x00000000d5a80000)
  to   space 1024K, 0% used [0x00000000d5880000,0x00000000d5880000,0x00000000d5980000)
 ParOldGen       total 543232K, used 542933K [0x0000000080000000, 0x00000000a1280000, 0x00000000d5580000)
  object space 543232K, 99% used [0x0000000080000000,0x00000000a1235428,0x00000000a1280000)
 Metaspace       used 70106K, committed 71616K, reserved 1114112K
  class space    used 7207K, committed 7936K, reserved 1048576K
}
Event: 459.762 GC heap after
{Heap after GC invocations=654 (full 3):
 PSYoungGen      total 2560K, used 512K [0x00000000d5580000, 0x00000000d5a00000, 0x0000000100000000)
  eden space 2048K, 0% used [0x00000000d5580000,0x00000000d5580000,0x00000000d5780000)
  from space 512K, 100% used [0x00000000d5880000,0x00000000d5900000,0x00000000d5900000)
  to   space 1024K, 0% used [0x00000000d5900000,0x00000000d5900000,0x00000000d5a00000)
 ParOldGen       total 543744K, used 543405K [0x0000000080000000, 0x00000000a1300000, 0x00000000d5580000)
  object space 543744K, 99% used [0x0000000080000000,0x00000000a12ab640,0x00000000a1300000)
 Metaspace       used 70106K, committed 71616K, reserved 1114112K
  class space    used 7207K, committed 7936K, reserved 1048576K
}
Event: 459.783 GC heap before
{Heap before GC invocations=655 (full 3):
 PSYoungGen      total 2560K, used 2560K [0x00000000d5580000, 0x00000000d5a00000, 0x0000000100000000)
  eden space 2048K, 100% used [0x00000000d5580000,0x00000000d5780000,0x00000000d5780000)
  from space 512K, 100% used [0x00000000d5880000,0x00000000d5900000,0x00000000d5900000)
  to   space 1024K, 0% used [0x00000000d5900000,0x00000000d5900000,0x00000000d5a00000)
 ParOldGen       total 543744K, used 543405K [0x0000000080000000, 0x00000000a1300000, 0x00000000d5580000)
  object space 543744K, 99% used [0x0000000080000000,0x00000000a12ab640,0x00000000a1300000)
 Metaspace       used 70122K, committed 71616K, reserved 1114112K
  class space    used 7209K, committed 7936K, reserved 1048576K
}
Event: 459.785 GC heap after
{Heap after GC invocations=655 (full 3):
 PSYoungGen      total 3072K, used 576K [0x00000000d5580000, 0x00000000d5a00000, 0x0000000100000000)
  eden space 2048K, 0% used [0x00000000d5580000,0x00000000d5580000,0x00000000d5780000)
  from space 1024K, 56% used [0x00000000d5900000,0x00000000d5990000,0x00000000d5a00000)
  to   space 1024K, 0% used [0x00000000d5800000,0x00000000d5800000,0x00000000d5900000)
 ParOldGen       total 543744K, used 543653K [0x0000000080000000, 0x00000000a1300000, 0x00000000d5580000)
  object space 543744K, 99% used [0x0000000080000000,0x00000000a12e9640,0x00000000a1300000)
 Metaspace       used 70122K, committed 71616K, reserved 1114112K
  class space    used 7209K, committed 7936K, reserved 1048576K
}
Event: 459.811 GC heap before
{Heap before GC invocations=656 (full 3):
 PSYoungGen      total 3072K, used 2624K [0x00000000d5580000, 0x00000000d5a00000, 0x0000000100000000)
  eden space 2048K, 100% used [0x00000000d5580000,0x00000000d5780000,0x00000000d5780000)
  from space 1024K, 56% used [0x00000000d5900000,0x00000000d5990000,0x00000000d5a00000)
  to   space 1024K, 0% used [0x00000000d5800000,0x00000000d5800000,0x00000000d5900000)
 ParOldGen       total 543744K, used 543653K [0x0000000080000000, 0x00000000a1300000, 0x00000000d5580000)
  object space 543744K, 99% used [0x0000000080000000,0x00000000a12e9640,0x00000000a1300000)
 Metaspace       used 70138K, committed 71616K, reserved 1114112K
  class space    used 7211K, committed 7936K, reserved 1048576K
}
Event: 459.812 GC heap after
{Heap after GC invocations=656 (full 3):
 PSYoungGen      total 3072K, used 535K [0x00000000d5580000, 0x00000000d5980000, 0x0000000100000000)
  eden space 2048K, 0% used [0x00000000d5580000,0x00000000d5580000,0x00000000d5780000)
  from space 1024K, 52% used [0x00000000d5800000,0x00000000d5885dd0,0x00000000d5900000)
  to   space 512K, 0% used [0x00000000d5900000,0x00000000d5900000,0x00000000d5980000)
 ParOldGen       total 544256K, used 544021K [0x0000000080000000, 0x00000000a1380000, 0x00000000d5580000)
  object space 544256K, 99% used [0x0000000080000000,0x00000000a1345660,0x00000000a1380000)
 Metaspace       used 70138K, committed 71616K, reserved 1114112K
  class space    used 7211K, committed 7936K, reserved 1048576K
}
Event: 459.833 GC heap before
{Heap before GC invocations=657 (full 3):
 PSYoungGen      total 3072K, used 2583K [0x00000000d5580000, 0x00000000d5980000, 0x0000000100000000)
  eden space 2048K, 100% used [0x00000000d5580000,0x00000000d5780000,0x00000000d5780000)
  from space 1024K, 52% used [0x00000000d5800000,0x00000000d5885dd0,0x00000000d5900000)
  to   space 512K, 0% used [0x00000000d5900000,0x00000000d5900000,0x00000000d5980000)
 ParOldGen       total 544256K, used 544021K [0x0000000080000000, 0x00000000a1380000, 0x00000000d5580000)
  object space 544256K, 99% used [0x0000000080000000,0x00000000a1345660,0x00000000a1380000)
 Metaspace       used 70147K, committed 71616K, reserved 1114112K
  class space    used 7213K, committed 7936K, reserved 1048576K
}
Event: 459.834 GC heap after
{Heap after GC invocations=657 (full 3):
 PSYoungGen      total 2560K, used 512K [0x00000000d5580000, 0x00000000d5980000, 0x0000000100000000)
  eden space 2048K, 0% used [0x00000000d5580000,0x00000000d5580000,0x00000000d5780000)
  from space 512K, 100% used [0x00000000d5900000,0x00000000d5980000,0x00000000d5980000)
  to   space 1024K, 0% used [0x00000000d5780000,0x00000000d5780000,0x00000000d5880000)
 ParOldGen       total 544768K, used 544348K [0x0000000080000000, 0x00000000a1400000, 0x00000000d5580000)
  object space 544768K, 99% used [0x0000000080000000,0x00000000a1397210,0x00000000a1400000)
 Metaspace       used 70147K, committed 71616K, reserved 1114112K
  class space    used 7213K, committed 7936K, reserved 1048576K
}
Event: 459.855 GC heap before
{Heap before GC invocations=658 (full 3):
 PSYoungGen      total 2560K, used 2560K [0x00000000d5580000, 0x00000000d5980000, 0x0000000100000000)
  eden space 2048K, 100% used [0x00000000d5580000,0x00000000d5780000,0x00000000d5780000)
  from space 512K, 100% used [0x00000000d5900000,0x00000000d5980000,0x00000000d5980000)
  to   space 1024K, 0% used [0x00000000d5780000,0x00000000d5780000,0x00000000d5880000)
 ParOldGen       total 544768K, used 544348K [0x0000000080000000, 0x00000000a1400000, 0x00000000d5580000)
  object space 544768K, 99% used [0x0000000080000000,0x00000000a1397210,0x00000000a1400000)
 Metaspace       used 70175K, committed 71616K, reserved 1114112K
  class space    used 7213K, committed 7936K, reserved 1048576K
}
Event: 459.857 GC heap after
{Heap after GC invocations=658 (full 3):
 PSYoungGen      total 3072K, used 480K [0x00000000d5580000, 0x00000000d5980000, 0x0000000100000000)
  eden space 2048K, 0% used [0x00000000d5580000,0x00000000d5580000,0x00000000d5780000)
  from space 1024K, 46% used [0x00000000d5780000,0x00000000d57f8000,0x00000000d5880000)
  to   space 1024K, 0% used [0x00000000d5880000,0x00000000d5880000,0x00000000d5980000)
 ParOldGen       total 545280K, used 544776K [0x0000000080000000, 0x00000000a1480000, 0x00000000d5580000)
  object space 545280K, 99% used [0x0000000080000000,0x00000000a14022d8,0x00000000a1480000)
 Metaspace       used 70175K, committed 71616K, reserved 1114112K
  class space    used 7213K, committed 7936K, reserved 1048576K
}
Event: 459.910 GC heap before
{Heap before GC invocations=659 (full 3):
 PSYoungGen      total 3072K, used 2528K [0x00000000d5580000, 0x00000000d5980000, 0x0000000100000000)
  eden space 2048K, 100% used [0x00000000d5580000,0x00000000d5780000,0x00000000d5780000)
  from space 1024K, 46% used [0x00000000d5780000,0x00000000d57f8000,0x00000000d5880000)
  to   space 1024K, 0% used [0x00000000d5880000,0x00000000d5880000,0x00000000d5980000)
 ParOldGen       total 545280K, used 544776K [0x0000000080000000, 0x00000000a1480000, 0x00000000d5580000)
  object space 545280K, 99% used [0x0000000080000000,0x00000000a14022d8,0x00000000a1480000)
 Metaspace       used 70175K, committed 71616K, reserved 1114112K
  class space    used 7213K, committed 7936K, reserved 1048576K
}
Event: 459.911 GC heap after
{Heap after GC invocations=659 (full 3):
 PSYoungGen      total 2560K, used 128K [0x00000000d5580000, 0x00000000d5900000, 0x0000000100000000)
  eden space 2048K, 0% used [0x00000000d5580000,0x00000000d5580000,0x00000000d5780000)
  from space 512K, 25% used [0x00000000d5880000,0x00000000d58a0000,0x00000000d5900000)
  to   space 512K, 0% used [0x00000000d5800000,0x00000000d5800000,0x00000000d5880000)
 ParOldGen       total 545280K, used 545068K [0x0000000080000000, 0x00000000a1480000, 0x00000000d5580000)
  object space 545280K, 99% used [0x0000000080000000,0x00000000a144b2e8,0x00000000a1480000)
 Metaspace       used 70175K, committed 71616K, reserved 1114112K
  class space    used 7213K, committed 7936K, reserved 1048576K
}

Dll operation events (14 events):
Event: 0.010 Loaded shared library c:\Users\ASUS\.vscode\extensions\redhat.java-1.53.0-win32-x64\jre\21.0.10-win32-x86_64\bin\java.dll
Event: 0.060 Loaded shared library c:\Users\ASUS\.vscode\extensions\redhat.java-1.53.0-win32-x64\jre\21.0.10-win32-x86_64\bin\zip.dll
Event: 0.079 Loaded shared library C:\Users\ASUS\.vscode\extensions\redhat.java-1.53.0-win32-x64\jre\21.0.10-win32-x86_64\bin\instrument.dll
Event: 0.082 Loaded shared library C:\Users\ASUS\.vscode\extensions\redhat.java-1.53.0-win32-x64\jre\21.0.10-win32-x86_64\bin\net.dll
Event: 0.085 Loaded shared library C:\Users\ASUS\.vscode\extensions\redhat.java-1.53.0-win32-x64\jre\21.0.10-win32-x86_64\bin\nio.dll
Event: 0.088 Loaded shared library C:\Users\ASUS\.vscode\extensions\redhat.java-1.53.0-win32-x64\jre\21.0.10-win32-x86_64\bin\zip.dll
Event: 0.107 Loaded shared library C:\Users\ASUS\.vscode\extensions\redhat.java-1.53.0-win32-x64\jre\21.0.10-win32-x86_64\bin\jimage.dll
Event: 0.185 Loaded shared library c:\Users\ASUS\.vscode\extensions\redhat.java-1.53.0-win32-x64\jre\21.0.10-win32-x86_64\bin\verify.dll
Event: 9.549 Loaded shared library C:\Users\ASUS\AppData\Roaming\Code\User\globalStorage\redhat.java\1.53.0\config_win\org.eclipse.equinox.launcher\org.eclipse.equinox.launcher.win32.win32.x86_64_1.3.0.v20260203-2149\eclipse_11919.dll
Event: 20.659 Loaded shared library C:\Users\ASUS\.vscode\extensions\redhat.java-1.53.0-win32-x64\jre\21.0.10-win32-x86_64\bin\management.dll
Event: 20.661 Loaded shared library C:\Users\ASUS\.vscode\extensions\redhat.java-1.53.0-win32-x64\jre\21.0.10-win32-x86_64\bin\management_ext.dll
Event: 21.908 Loaded shared library C:\Users\ASUS\AppData\Local\Temp\jna-2018896\jna1516089463554918941.dll
Event: 22.092 Loaded shared library C:\Users\ASUS\.vscode\extensions\redhat.java-1.53.0-win32-x64\jre\21.0.10-win32-x86_64\bin\sunmscapi.dll
Event: 22.639 Loaded shared library C:\Users\ASUS\.vscode\extensions\redhat.java-1.53.0-win32-x64\jre\21.0.10-win32-x86_64\bin\extnet.dll

Deoptimization events (20 events):
Event: 459.823 Thread 0x000001ace9862f20 Uncommon trap: trap_request=0xffffffc6 fr.pc=0x000001ac8855a204 relative=0x0000000000006944
Event: 459.823 Thread 0x000001ace9862f20 Uncommon trap: reason=bimorphic_or_optimized_type_check action=maybe_recompile pc=0x000001ac8855a204 method=org.eclipse.jdt.internal.compiler.lookup.BinaryTypeBinding.createMethod(Lorg/eclipse/jdt/internal/compiler/env/IBinaryMethod;Lorg/eclipse/jdt/inter
Event: 459.823 Thread 0x000001ace9862f20 DEOPT PACKING pc=0x000001ac8855a204 sp=0x00000078aaafdab0
Event: 459.823 Thread 0x000001ace9862f20 DEOPT UNPACKING pc=0x000001ac874a3aa2 sp=0x00000078aaafda58 mode 2
Event: 459.824 Thread 0x000001ace9862f20 Uncommon trap: trap_request=0xffffff45 fr.pc=0x000001ac8835b354 relative=0x0000000000000e94
Event: 459.824 Thread 0x000001ace9862f20 Uncommon trap: reason=unstable_if action=reinterpret pc=0x000001ac8835b354 method=org.eclipse.jdt.internal.compiler.lookup.Scope.referenceContext()Lorg/eclipse/jdt/internal/compiler/impl/ReferenceContext; @ 6 c2
Event: 459.824 Thread 0x000001ace9862f20 DEOPT PACKING pc=0x000001ac8835b354 sp=0x00000078aaafde40
Event: 459.824 Thread 0x000001ace9862f20 DEOPT UNPACKING pc=0x000001ac874a3aa2 sp=0x00000078aaafdc90 mode 2
Event: 459.824 Thread 0x000001ace9862f20 Uncommon trap: trap_request=0xffffff45 fr.pc=0x000001ac884a2c4c relative=0x00000000000000ac
Event: 459.824 Thread 0x000001ace9862f20 Uncommon trap: reason=unstable_if action=reinterpret pc=0x000001ac884a2c4c method=org.eclipse.jdt.internal.compiler.util.Util.effectivelyEqual([Ljava/lang/Object;[Ljava/lang/Object;)Z @ 56 c2
Event: 459.824 Thread 0x000001ace9862f20 DEOPT PACKING pc=0x000001ac884a2c4c sp=0x00000078aaafdfc0
Event: 459.825 Thread 0x000001ace9862f20 DEOPT UNPACKING pc=0x000001ac874a3aa2 sp=0x00000078aaafdf40 mode 2
Event: 459.843 Thread 0x000001ace9862f20 Uncommon trap: trap_request=0xffffff45 fr.pc=0x000001ac88391298 relative=0x0000000000000078
Event: 459.843 Thread 0x000001ace9862f20 Uncommon trap: reason=unstable_if action=reinterpret pc=0x000001ac88391298 method=org.eclipse.jdt.internal.compiler.lookup.TypeBinding.notEquals(Lorg/eclipse/jdt/internal/compiler/lookup/TypeBinding;Lorg/eclipse/jdt/internal/compiler/lookup/TypeBinding;)Z
Event: 459.843 Thread 0x000001ace9862f20 DEOPT PACKING pc=0x000001ac88391298 sp=0x00000078aaafe3c0
Event: 459.843 Thread 0x000001ace9862f20 DEOPT UNPACKING pc=0x000001ac874a3aa2 sp=0x00000078aaafe360 mode 2
Event: 459.846 Thread 0x000001ace9862f20 Uncommon trap: trap_request=0xffffff45 fr.pc=0x000001ac884a35f4 relative=0x00000000000005f4
Event: 459.846 Thread 0x000001ace9862f20 Uncommon trap: reason=unstable_if action=reinterpret pc=0x000001ac884a35f4 method=org.eclipse.jdt.internal.compiler.codegen.CharArrayCache.put([CI)I @ 47 c2
Event: 459.846 Thread 0x000001ace9862f20 DEOPT PACKING pc=0x000001ac884a35f4 sp=0x00000078aaafe730
Event: 459.846 Thread 0x000001ace9862f20 DEOPT UNPACKING pc=0x000001ac874a3aa2 sp=0x00000078aaafe6b0 mode 2

Classes loaded (20 events):
Event: 30.352 Loading class java/util/stream/ReferencePipeline$4$1
Event: 30.353 Loading class java/util/stream/ReferencePipeline$4$1 done
Event: 30.447 Loading class java/util/ArrayDeque$DeqSpliterator
Event: 30.448 Loading class java/util/ArrayDeque$DeqSpliterator done
Event: 32.353 Loading class java/util/stream/ReduceOps$1
Event: 32.353 Loading class java/util/stream/ReduceOps$1 done
Event: 32.353 Loading class java/util/stream/ReduceOps$1ReducingSink
Event: 32.353 Loading class java/util/stream/ReduceOps$1ReducingSink done
Event: 35.545 Loading class java/util/concurrent/CompletableFuture$UniApply
Event: 35.545 Loading class java/util/concurrent/CompletableFuture$UniApply done
Event: 35.547 Loading class java/util/concurrent/CompletableFuture$UniExceptionally
Event: 35.547 Loading class java/util/concurrent/CompletableFuture$UniExceptionally done
Event: 458.988 Loading class java/util/stream/DistinctOps
Event: 458.988 Loading class java/util/stream/DistinctOps done
Event: 458.988 Loading class java/util/stream/DistinctOps$1
Event: 458.989 Loading class java/util/stream/DistinctOps$1 done
Event: 458.994 Loading class java/util/stream/DistinctOps$1$2
Event: 458.994 Loading class java/util/stream/DistinctOps$1$2 done
Event: 459.105 Loading class java/util/ImmutableCollections$SubList
Event: 459.105 Loading class java/util/ImmutableCollections$SubList done

Classes unloaded (20 events):
Event: 21.170 Thread 0x000001acf4e1fbb0 Unloading class 0x000001ac901ba800 'java/lang/invoke/LambdaForm$MH+0x000001ac901ba800'
Event: 21.170 Thread 0x000001acf4e1fbb0 Unloading class 0x000001ac901ba400 'java/lang/invoke/LambdaForm$MH+0x000001ac901ba400'
Event: 21.170 Thread 0x000001acf4e1fbb0 Unloading class 0x000001ac901ba000 'java/lang/invoke/LambdaForm$MH+0x000001ac901ba000'
Event: 21.170 Thread 0x000001acf4e1fbb0 Unloading class 0x000001ac901b9c00 'java/lang/invoke/LambdaForm$MH+0x000001ac901b9c00'
Event: 21.170 Thread 0x000001acf4e1fbb0 Unloading class 0x000001ac901b9800 'java/lang/invoke/LambdaForm$BMH+0x000001ac901b9800'
Event: 21.170 Thread 0x000001acf4e1fbb0 Unloading class 0x000001ac901b9400 'java/lang/invoke/LambdaForm$DMH+0x000001ac901b9400'
Event: 21.170 Thread 0x000001acf4e1fbb0 Unloading class 0x000001ac901b8000 'java/lang/invoke/LambdaForm$DMH+0x000001ac901b8000'
Event: 22.475 Thread 0x000001acf4e1fbb0 Unloading class 0x000001ac9039d400 'java/lang/invoke/LambdaForm$MH+0x000001ac9039d400'
Event: 22.475 Thread 0x000001acf4e1fbb0 Unloading class 0x000001ac9039d000 'java/lang/invoke/LambdaForm$MH+0x000001ac9039d000'
Event: 22.475 Thread 0x000001acf4e1fbb0 Unloading class 0x000001ac9039c400 'java/lang/invoke/LambdaForm$MH+0x000001ac9039c400'
Event: 22.475 Thread 0x000001acf4e1fbb0 Unloading class 0x000001ac9039bc00 'java/lang/invoke/LambdaForm$MH+0x000001ac9039bc00'
Event: 22.475 Thread 0x000001acf4e1fbb0 Unloading class 0x000001ac9039b800 'java/lang/invoke/LambdaForm$DMH+0x000001ac9039b800'
Event: 22.475 Thread 0x000001acf4e1fbb0 Unloading class 0x000001ac9039ac00 'java/lang/invoke/LambdaForm$MH+0x000001ac9039ac00'
Event: 22.475 Thread 0x000001acf4e1fbb0 Unloading class 0x000001ac90393400 'java/lang/invoke/LambdaForm$MH+0x000001ac90393400'
Event: 22.475 Thread 0x000001acf4e1fbb0 Unloading class 0x000001ac90392c00 'java/lang/invoke/LambdaForm$MH+0x000001ac90392c00'
Event: 22.475 Thread 0x000001acf4e1fbb0 Unloading class 0x000001ac90392400 'java/lang/invoke/LambdaForm$MH+0x000001ac90392400'
Event: 22.475 Thread 0x000001acf4e1fbb0 Unloading class 0x000001ac90391c00 'java/lang/invoke/LambdaForm$MH+0x000001ac90391c00'
Event: 22.475 Thread 0x000001acf4e1fbb0 Unloading class 0x000001ac90391400 'java/lang/invoke/LambdaForm$MH+0x000001ac90391400'
Event: 22.475 Thread 0x000001acf4e1fbb0 Unloading class 0x000001ac90390c00 'java/lang/invoke/LambdaForm$MH+0x000001ac90390c00'
Event: 22.475 Thread 0x000001acf4e1fbb0 Unloading class 0x000001ac90390400 'java/lang/invoke/LambdaForm$MH+0x000001ac90390400'

Classes redefined (0 events):
No events

Internal exceptions (20 events):
Event: 31.889 Thread 0x000001acd4fafb00 Exception <a 'sun/nio/fs/WindowsException'{0x00000000d55def88}> (0x00000000d55def88) 
thrown [s\src\hotspot\share\prims\jni.cpp, line 520]
Event: 31.911 Thread 0x000001acd4fafb00 Exception <a 'sun/nio/fs/WindowsException'{0x00000000d5603370}> (0x00000000d5603370) 
thrown [s\src\hotspot\share\prims\jni.cpp, line 520]
Event: 31.911 Thread 0x000001acd4fafb00 Exception <a 'sun/nio/fs/WindowsException'{0x00000000d56039a0}> (0x00000000d56039a0) 
thrown [s\src\hotspot\share\prims\jni.cpp, line 520]
Event: 31.913 Thread 0x000001acd4fafb00 Exception <a 'sun/nio/fs/WindowsException'{0x00000000d561a490}> (0x00000000d561a490) 
thrown [s\src\hotspot\share\prims\jni.cpp, line 520]
Event: 31.913 Thread 0x000001acd4fafb00 Exception <a 'sun/nio/fs/WindowsException'{0x00000000d561aac0}> (0x00000000d561aac0) 
thrown [s\src\hotspot\share\prims\jni.cpp, line 520]
Event: 31.945 Thread 0x000001acd4fafb00 Exception <a 'java/lang/IncompatibleClassChangeError'{0x00000000d56beb80}: Found class java.lang.Object, but interface was expected> (0x00000000d56beb80) 
thrown [s\src\hotspot\share\interpreter\linkResolver.cpp, line 840]
Event: 35.023 Thread 0x000001acff68a7f0 Exception <a 'sun/nio/fs/WindowsException'{0x00000000d55e1560}> (0x00000000d55e1560) 
thrown [s\src\hotspot\share\prims\jni.cpp, line 520]
Event: 35.538 Thread 0x000001acff68a7f0 Exception <a 'sun/nio/fs/WindowsException'{0x00000000d56354f0}> (0x00000000d56354f0) 
thrown [s\src\hotspot\share\prims\jni.cpp, line 520]
Event: 459.099 Thread 0x000001acd4fabff0 Exception <a 'sun/nio/fs/WindowsException'{0x00000000d55832b8}> (0x00000000d55832b8) 
thrown [s\src\hotspot\share\prims\jni.cpp, line 520]
Event: 459.188 Thread 0x000001acd4fabff0 Implicit null exception at 0x000001ac883093da to 0x000001ac88309433
Event: 459.196 Thread 0x000001acff68a7f0 Exception <a 'sun/nio/fs/WindowsException'{0x00000000d56085a8}> (0x00000000d56085a8) 
thrown [s\src\hotspot\share\prims\jni.cpp, line 520]
Event: 459.220 Thread 0x000001acd4fabff0 Exception <a 'sun/nio/fs/WindowsException'{0x00000000d562ee78}> (0x00000000d562ee78) 
thrown [s\src\hotspot\share\prims\jni.cpp, line 520]
Event: 459.269 Thread 0x000001acd4fabff0 Exception <a 'sun/nio/fs/WindowsException'{0x00000000d57334f0}> (0x00000000d57334f0) 
thrown [s\src\hotspot\share\prims\jni.cpp, line 520]
Event: 459.319 Thread 0x000001acd4fabff0 Exception <a 'sun/nio/fs/WindowsException'{0x00000000d564a648}> (0x00000000d564a648) 
thrown [s\src\hotspot\share\prims\jni.cpp, line 520]
Event: 459.385 Thread 0x000001acd4fabff0 Exception <a 'sun/nio/fs/WindowsException'{0x00000000d558aa98}> (0x00000000d558aa98) 
thrown [s\src\hotspot\share\prims\jni.cpp, line 520]
Event: 459.446 Thread 0x000001acd4fabff0 Exception <a 'sun/nio/fs/WindowsException'{0x00000000d56ad438}> (0x00000000d56ad438) 
thrown [s\src\hotspot\share\prims\jni.cpp, line 520]
Event: 459.509 Thread 0x000001acd4fabff0 Exception <a 'sun/nio/fs/WindowsException'{0x00000000d55bba00}> (0x00000000d55bba00) 
thrown [s\src\hotspot\share\prims\jni.cpp, line 520]
Event: 459.555 Thread 0x000001acd4fabff0 Exception <a 'sun/nio/fs/WindowsException'{0x00000000d56d8ad8}> (0x00000000d56d8ad8) 
thrown [s\src\hotspot\share\prims\jni.cpp, line 520]
Event: 459.701 Thread 0x000001ace9862f20 Implicit null exception at 0x000001ac8834973f to 0x000001ac883497b4
Event: 459.755 Thread 0x000001ace9862f20 Exception <a 'java/lang/NoSuchMethodError'{0x00000000d56de250}: 'void java.lang.invoke.DirectMethodHandle$Holder.invokeStatic(java.lang.Object, int, java.lang.Object)'> (0x00000000d56de250) 
thrown [s\src\hotspot\share\interpreter\linkResolver.cpp, line 773]

ZGC Phase Switch (0 events):
No events

VM Operations (20 events):
Event: 9801.328 Executing non-safepoint VM operation: HandshakeAllThreads (HandshakeForDeflation)
Event: 9801.328 Executing non-safepoint VM operation: HandshakeAllThreads (HandshakeForDeflation) done
Event: 9801.328 Executing non-safepoint VM operation: RendezvousGCThreads
Event: 9801.328 Executing non-safepoint VM operation: RendezvousGCThreads done
Event: 9861.467 Executing non-safepoint VM operation: HandshakeAllThreads (HandshakeForDeflation)
Event: 9861.469 Executing non-safepoint VM operation: HandshakeAllThreads (HandshakeForDeflation) done
Event: 9861.469 Executing non-safepoint VM operation: RendezvousGCThreads
Event: 9861.469 Executing non-safepoint VM operation: RendezvousGCThreads done
Event: 10102.136 Executing non-safepoint VM operation: HandshakeAllThreads (HandshakeForDeflation)
Event: 10102.136 Executing non-safepoint VM operation: HandshakeAllThreads (HandshakeForDeflation) done
Event: 10102.136 Executing non-safepoint VM operation: RendezvousGCThreads
Event: 10102.136 Executing non-safepoint VM operation: RendezvousGCThreads done
Event: 10222.575 Executing non-safepoint VM operation: HandshakeAllThreads (HandshakeForDeflation)
Event: 10222.575 Executing non-safepoint VM operation: HandshakeAllThreads (HandshakeForDeflation) done
Event: 10222.576 Executing non-safepoint VM operation: RendezvousGCThreads
Event: 10222.576 Executing non-safepoint VM operation: RendezvousGCThreads done
Event: 10282.716 Executing non-safepoint VM operation: HandshakeAllThreads (HandshakeForDeflation)
Event: 10282.716 Executing non-safepoint VM operation: HandshakeAllThreads (HandshakeForDeflation) done
Event: 10282.716 Executing non-safepoint VM operation: RendezvousGCThreads
Event: 10282.716 Executing non-safepoint VM operation: RendezvousGCThreads done

Memory protections (0 events):
No events

Nmethod flushes (20 events):
Event: 27.216 Thread 0x000001acf4e1fbb0 flushing  nmethod 0x000001ac80a1ca90
Event: 27.216 Thread 0x000001acf4e1fbb0 flushing  nmethod 0x000001ac80a20110
Event: 27.216 Thread 0x000001acf4e1fbb0 flushing  nmethod 0x000001ac80a20810
Event: 27.216 Thread 0x000001acf4e1fbb0 flushing  nmethod 0x000001ac80a20e10
Event: 27.216 Thread 0x000001acf4e1fbb0 flushing  nmethod 0x000001ac80a21d10
Event: 27.216 Thread 0x000001acf4e1fbb0 flushing  nmethod 0x000001ac80a22590
Event: 27.216 Thread 0x000001acf4e1fbb0 flushing  nmethod 0x000001ac80a22b90
Event: 27.216 Thread 0x000001acf4e1fbb0 flushing  nmethod 0x000001ac80a24710
Event: 27.216 Thread 0x000001acf4e1fbb0 flushing  nmethod 0x000001ac80a47990
Event: 27.216 Thread 0x000001acf4e1fbb0 flushing  nmethod 0x000001ac80a54d10
Event: 27.216 Thread 0x000001acf4e1fbb0 flushing  nmethod 0x000001ac80a67510
Event: 27.216 Thread 0x000001acf4e1fbb0 flushing  nmethod 0x000001ac80a71410
Event: 27.216 Thread 0x000001acf4e1fbb0 flushing  nmethod 0x000001ac80ac3010
Event: 27.216 Thread 0x000001acf4e1fbb0 flushing  nmethod 0x000001ac80af4710
Event: 27.216 Thread 0x000001acf4e1fbb0 flushing  nmethod 0x000001ac80af5690
Event: 27.216 Thread 0x000001acf4e1fbb0 flushing  nmethod 0x000001ac80af5e90
Event: 27.216 Thread 0x000001acf4e1fbb0 flushing  nmethod 0x000001ac80af6a10
Event: 27.216 Thread 0x000001acf4e1fbb0 flushing  nmethod 0x000001ac80b01a10
Event: 27.216 Thread 0x000001acf4e1fbb0 flushing  nmethod 0x000001ac80b13290
Event: 27.216 Thread 0x000001acf4e1fbb0 flushing  nmethod 0x000001ac80b19d10

Events (20 events):
Event: 459.671 Thread 0x000001ace9860130 Thread added: 0x000001ace98607c0
Event: 459.671 Thread 0x000001ace985faa0 Thread added: 0x000001ace985d340
Event: 459.694 Thread 0x000001ace985e6f0 Thread added: 0x000001ace9862f20
Event: 459.799 Thread 0x000001acfdb07840 Thread added: 0x000001acd7d00ab0
Event: 464.902 Thread 0x000001acd7d01850 Thread exited: 0x000001acd7d01850
Event: 464.902 Thread 0x000001acd7cfef70 Thread exited: 0x000001acd7cfef70
Event: 464.902 Thread 0x000001acd7d00ab0 Thread exited: 0x000001acd7d00ab0
Event: 469.914 Thread 0x000001acd7cfa480 Thread exited: 0x000001acd7cfa480
Event: 519.848 Thread 0x000001ace9862f20 Thread exited: 0x000001ace9862f20
Event: 519.864 Thread 0x000001ace985e6f0 Thread exited: 0x000001ace985e6f0
Event: 759.065 Thread 0x000001ace985bf90 Thread added: 0x000001ace9861b70
Event: 759.065 Thread 0x000001ace9861b70 Thread exited: 0x000001ace9861b70
Event: 759.686 Thread 0x000001ace98607c0 Thread exited: 0x000001ace98607c0
Event: 759.686 Thread 0x000001ace985faa0 Thread exited: 0x000001ace985faa0
Event: 759.686 Thread 0x000001ace985d340 Thread exited: 0x000001ace985d340
Event: 759.686 Thread 0x000001ace985f410 Thread exited: 0x000001ace985f410
Event: 759.686 Thread 0x000001ace985e060 Thread exited: 0x000001ace985e060
Event: 759.686 Thread 0x000001ace985d9d0 Thread exited: 0x000001ace985d9d0
Event: 759.686 Thread 0x000001ace985ccb0 Thread exited: 0x000001ace985ccb0
Event: 759.686 Thread 0x000001ace9860130 Thread exited: 0x000001ace9860130


Dynamic libraries:
0x00007ff7de4e0000 - 0x00007ff7de4ee000 	c:\Users\ASUS\.vscode\extensions\redhat.java-1.53.0-win32-x64\jre\21.0.10-win32-x86_64\bin\java.exe
0x00007ffe77260000 - 0x00007ffe774c7000 	C:\Windows\SYSTEM32\ntdll.dll
0x00007ffe76030000 - 0x00007ffe760f9000 	C:\Windows\System32\KERNEL32.DLL
0x00007ffe749f0000 - 0x00007ffe74de1000 	C:\Windows\System32\KERNELBASE.dll
0x00007ffe73d20000 - 0x00007ffe73e6b000 	C:\Windows\System32\ucrtbase.dll
0x00007ffe6b9b0000 - 0x00007ffe6b9c8000 	c:\Users\ASUS\.vscode\extensions\redhat.java-1.53.0-win32-x64\jre\21.0.10-win32-x86_64\bin\jli.dll
0x00007ffe6b910000 - 0x00007ffe6b92e000 	c:\Users\ASUS\.vscode\extensions\redhat.java-1.53.0-win32-x64\jre\21.0.10-win32-x86_64\bin\VCRUNTIME140.dll
0x00007ffe76970000 - 0x00007ffe76b35000 	C:\Windows\System32\USER32.dll
0x00007ffe548f0000 - 0x00007ffe54b83000 	C:\Windows\WinSxS\amd64_microsoft.windows.common-controls_6595b64144ccf1df_6.0.26100.8037_none_3e092faae333b53b\COMCTL32.dll
0x00007ffe749c0000 - 0x00007ffe749e7000 	C:\Windows\System32\win32u.dll
0x00007ffe75630000 - 0x00007ffe7565b000 	C:\Windows\System32\GDI32.dll
0x00007ffe76760000 - 0x00007ffe76809000 	C:\Windows\System32\msvcrt.dll
0x00007ffe73b40000 - 0x00007ffe73c6b000 	C:\Windows\System32\gdi32full.dll
0x00007ffe73e70000 - 0x00007ffe73f13000 	C:\Windows\System32\msvcp_win.dll
0x00007ffe75470000 - 0x00007ffe754a1000 	C:\Windows\System32\IMM32.DLL
0x00007ffe6db60000 - 0x00007ffe6db6c000 	c:\Users\ASUS\.vscode\extensions\redhat.java-1.53.0-win32-x64\jre\21.0.10-win32-x86_64\bin\vcruntime140_1.dll
0x00007ffe4b180000 - 0x00007ffe4b20d000 	c:\Users\ASUS\.vscode\extensions\redhat.java-1.53.0-win32-x64\jre\21.0.10-win32-x86_64\bin\msvcp140.dll
0x00007ffdf30e0000 - 0x00007ffdf3e81000 	c:\Users\ASUS\.vscode\extensions\redhat.java-1.53.0-win32-x64\jre\21.0.10-win32-x86_64\bin\server\jvm.dll
0x00007ffe75000000 - 0x00007ffe750bb000 	C:\Windows\System32\ADVAPI32.dll
0x00007ffe75190000 - 0x00007ffe75237000 	C:\Windows\System32\sechost.dll
0x00007ffe75660000 - 0x00007ffe75778000 	C:\Windows\System32\RPCRT4.dll
0x00007ffe75110000 - 0x00007ffe75184000 	C:\Windows\System32\WS2_32.dll
0x00007ffe68b20000 - 0x00007ffe68b55000 	C:\Windows\SYSTEM32\WINMM.dll
0x00007ffe6a620000 - 0x00007ffe6a62b000 	C:\Windows\SYSTEM32\VERSION.dll
0x00007ffe72740000 - 0x00007ffe7279e000 	C:\Windows\SYSTEM32\POWRPROF.dll
0x00007ffe72720000 - 0x00007ffe72734000 	C:\Windows\SYSTEM32\UMPDC.dll
0x00007ffe729f0000 - 0x00007ffe72a0b000 	C:\Windows\SYSTEM32\kernel.appcore.dll
0x00007ffe6dad0000 - 0x00007ffe6dada000 	c:\Users\ASUS\.vscode\extensions\redhat.java-1.53.0-win32-x64\jre\21.0.10-win32-x86_64\bin\jimage.dll
0x00007ffe71500000 - 0x00007ffe71742000 	C:\Windows\SYSTEM32\DBGHELP.DLL
0x00007ffe76100000 - 0x00007ffe76482000 	C:\Windows\System32\combase.dll
0x00007ffe757e0000 - 0x00007ffe758b7000 	C:\Windows\System32\OLEAUT32.dll
0x00007ffe5c290000 - 0x00007ffe5c2cb000 	C:\Windows\SYSTEM32\dbgcore.DLL
0x00007ffe73c70000 - 0x00007ffe73d15000 	C:\Windows\System32\bcryptPrimitives.dll
0x00007ffe5ec50000 - 0x00007ffe5ec5f000 	c:\Users\ASUS\.vscode\extensions\redhat.java-1.53.0-win32-x64\jre\21.0.10-win32-x86_64\bin\instrument.dll
0x00007ffe6b540000 - 0x00007ffe6b560000 	c:\Users\ASUS\.vscode\extensions\redhat.java-1.53.0-win32-x64\jre\21.0.10-win32-x86_64\bin\java.dll
0x00007ffe758c0000 - 0x00007ffe7601f000 	C:\Windows\System32\SHELL32.dll
0x00007ffe74850000 - 0x00007ffe749ba000 	C:\Windows\System32\wintypes.dll
0x00007ffe73fe0000 - 0x00007ffe74844000 	C:\Windows\System32\windows.storage.dll
0x00007ffe77120000 - 0x00007ffe77217000 	C:\Windows\System32\SHCORE.dll
0x00007ffe755c0000 - 0x00007ffe75627000 	C:\Windows\System32\shlwapi.dll
0x00007ffe73a60000 - 0x00007ffe73a89000 	C:\Windows\SYSTEM32\profapi.dll
0x00007ffe5d690000 - 0x00007ffe5d6a8000 	c:\Users\ASUS\.vscode\extensions\redhat.java-1.53.0-win32-x64\jre\21.0.10-win32-x86_64\bin\zip.dll
0x00007ffe5ec20000 - 0x00007ffe5ec30000 	C:\Users\ASUS\.vscode\extensions\redhat.java-1.53.0-win32-x64\jre\21.0.10-win32-x86_64\bin\net.dll
0x00007ffe6d090000 - 0x00007ffe6d1b7000 	C:\Windows\SYSTEM32\WINHTTP.dll
0x00007ffe72f60000 - 0x00007ffe72fcb000 	C:\Windows\system32\mswsock.dll
0x00007ffe5c5c0000 - 0x00007ffe5c5d6000 	C:\Users\ASUS\.vscode\extensions\redhat.java-1.53.0-win32-x64\jre\21.0.10-win32-x86_64\bin\nio.dll
0x00007ffe5c340000 - 0x00007ffe5c350000 	c:\Users\ASUS\.vscode\extensions\redhat.java-1.53.0-win32-x64\jre\21.0.10-win32-x86_64\bin\verify.dll
0x00007ffe4b130000 - 0x00007ffe4b175000 	C:\Users\ASUS\AppData\Roaming\Code\User\globalStorage\redhat.java\1.53.0\config_win\org.eclipse.equinox.launcher\org.eclipse.equinox.launcher.win32.win32.x86_64_1.3.0.v20260203-2149\eclipse_11919.dll
0x00007ffe752d0000 - 0x00007ffe75465000 	C:\Windows\System32\ole32.dll
0x00007ffe5c370000 - 0x00007ffe5c37a000 	C:\Users\ASUS\.vscode\extensions\redhat.java-1.53.0-win32-x64\jre\21.0.10-win32-x86_64\bin\management.dll
0x00007ffe5c360000 - 0x00007ffe5c36c000 	C:\Users\ASUS\.vscode\extensions\redhat.java-1.53.0-win32-x64\jre\21.0.10-win32-x86_64\bin\management_ext.dll
0x00007ffe76bc0000 - 0x00007ffe76bc8000 	C:\Windows\System32\PSAPI.DLL
0x00007ffe73250000 - 0x00007ffe7326b000 	C:\Windows\SYSTEM32\CRYPTSP.dll
0x00007ffe72950000 - 0x00007ffe72989000 	C:\Windows\system32\rsaenh.dll
0x00007ffe73010000 - 0x00007ffe73042000 	C:\Windows\SYSTEM32\USERENV.dll
0x00007ffe73a30000 - 0x00007ffe73a5a000 	C:\Windows\SYSTEM32\bcrypt.dll
0x00007ffe73240000 - 0x00007ffe7324c000 	C:\Windows\SYSTEM32\CRYPTBASE.dll
0x00007ffe723a0000 - 0x00007ffe723d3000 	C:\Windows\SYSTEM32\IPHLPAPI.DLL
0x00007ffe76530000 - 0x00007ffe7653a000 	C:\Windows\System32\NSI.dll
0x00007ffe448a0000 - 0x00007ffe448e9000 	C:\Users\ASUS\AppData\Local\Temp\jna-2018896\jna1516089463554918941.dll
0x00007ffe6dd50000 - 0x00007ffe6dd6d000 	C:\Windows\SYSTEM32\dhcpcsvc6.DLL
0x00007ffe6dd20000 - 0x00007ffe6dd43000 	C:\Windows\SYSTEM32\dhcpcsvc.DLL
0x00007ffe6db30000 - 0x00007ffe6db3e000 	C:\Users\ASUS\.vscode\extensions\redhat.java-1.53.0-win32-x64\jre\21.0.10-win32-x86_64\bin\sunmscapi.dll
0x00007ffe74e80000 - 0x00007ffe74ff7000 	C:\Windows\System32\CRYPT32.dll
0x00007ffe73460000 - 0x00007ffe73490000 	C:\Windows\SYSTEM32\ncrypt.dll
0x00007ffe73410000 - 0x00007ffe7344f000 	C:\Windows\SYSTEM32\NTASN1.dll
0x00007ffe72440000 - 0x00007ffe7256a000 	C:\Windows\SYSTEM32\DNSAPI.dll
0x00007ffe6dcb0000 - 0x00007ffe6dcbb000 	C:\Windows\System32\rasadhlp.dll
0x00007ffe6fb70000 - 0x00007ffe6fbf6000 	C:\Windows\System32\fwpuclnt.dll
0x00007ffe6db20000 - 0x00007ffe6db29000 	C:\Users\ASUS\.vscode\extensions\redhat.java-1.53.0-win32-x64\jre\21.0.10-win32-x86_64\bin\extnet.dll

JVMTI agents:
c:\Users\ASUS\.vscode\extensions\redhat.java-1.53.0-win32-x64\lombok\lombok-1.18.39-4050.jar path:c:\Users\ASUS\.vscode\extensions\redhat.java-1.53.0-win32-x64\jre\21.0.10-win32-x86_64\bin\instrument.dll, loaded, initialized, instrumentlib options:none

dbghelp: loaded successfully - version: 4.0.5 - missing functions: none
symbol engine: initialized successfully - sym options: 0x614 - pdb path: .;c:\Users\ASUS\.vscode\extensions\redhat.java-1.53.0-win32-x64\jre\21.0.10-win32-x86_64\bin;C:\Windows\SYSTEM32;C:\Windows\WinSxS\amd64_microsoft.windows.common-controls_6595b64144ccf1df_6.0.26100.8037_none_3e092faae333b53b;c:\Users\ASUS\.vscode\extensions\redhat.java-1.53.0-win32-x64\jre\21.0.10-win32-x86_64\bin\server;C:\Users\ASUS\AppData\Roaming\Code\User\globalStorage\redhat.java\1.53.0\config_win\org.eclipse.equinox.launcher\org.eclipse.equinox.launcher.win32.win32.x86_64_1.3.0.v20260203-2149;C:\Users\ASUS\AppData\Local\Temp\jna-2018896

VM Arguments:
jvm_args: --add-modules=ALL-SYSTEM --add-opens=java.base/java.util=ALL-UNNAMED --add-opens=java.base/java.lang=ALL-UNNAMED --add-opens=java.base/sun.nio.fs=ALL-UNNAMED -Declipse.application=org.eclipse.jdt.ls.core.id1 -Dosgi.bundles.defaultStartLevel=4 -Declipse.product=org.eclipse.jdt.ls.core.product -Djava.import.generatesMetadataFilesAtProjectRoot=false -DDetectVMInstallationsJob.disabled=true -Dfile.encoding=utf8 -XX:+UseParallelGC -XX:GCTimeRatio=4 -XX:AdaptiveSizePolicyWeight=90 -Dsun.zip.disableMemoryMapping=true -Xmx2G -Xms100m -Xlog:disable -javaagent:c:\Users\ASUS\.vscode\extensions\redhat.java-1.53.0-win32-x64\lombok\lombok-1.18.39-4050.jar -XX:+HeapDumpOnOutOfMemoryError -XX:HeapDumpPath=c:\Users\ASUS\AppData\Roaming\Code\User\workspaceStorage\8ec2374690fe925e4280eb499ba8496e\redhat.java -Daether.dependencyCollector.impl=bf 
java_command: c:\Users\ASUS\.vscode\extensions\redhat.java-1.53.0-win32-x64\server\plugins\org.eclipse.equinox.launcher_1.7.100.v20251111-0406.jar -configuration c:\Users\ASUS\AppData\Roaming\Code\User\globalStorage\redhat.java\1.53.0\config_win -data c:\Users\ASUS\AppData\Roaming\Code\User\workspaceStorage\8ec2374690fe925e4280eb499ba8496e\redhat.java\jdt_ws --pipe=\\.\pipe\lsp-857055eb3a6e21e70792407971144fe8-sock
java_class_path (initial): c:\Users\ASUS\.vscode\extensions\redhat.java-1.53.0-win32-x64\server\plugins\org.eclipse.equinox.launcher_1.7.100.v20251111-0406.jar
Launcher Type: SUN_STANDARD

[Global flags]
    uintx AdaptiveSizePolicyWeight                 = 90                                        {product} {command line}
     intx CICompilerCount                          = 12                                        {product} {ergonomic}
    uintx GCTimeRatio                              = 4                                         {product} {command line}
     bool HeapDumpOnOutOfMemoryError               = true                                   {manageable} {command line}
    ccstr HeapDumpPath                             = c:\Users\ASUS\AppData\Roaming\Code\User\workspaceStorage\8ec2374690fe925e4280eb499ba8496e\redhat.java         {manageable} {command line}
   size_t InitialHeapSize                          = 104857600                                 {product} {command line}
   size_t MaxHeapSize                              = 2147483648                                {product} {command line}
   size_t MaxNewSize                               = 715653120                                 {product} {ergonomic}
   size_t MinHeapDeltaBytes                        = 524288                                    {product} {ergonomic}
   size_t MinHeapSize                              = 104857600                                 {product} {command line}
   size_t NewSize                                  = 34603008                                  {product} {ergonomic}
    uintx NonNMethodCodeHeapSize                   = 7602480                                {pd product} {ergonomic}
    uintx NonProfiledCodeHeapSize                  = 122027880                              {pd product} {ergonomic}
   size_t OldSize                                  = 70254592                                  {product} {ergonomic}
    uintx ProfiledCodeHeapSize                     = 122027880                              {pd product} {ergonomic}
    uintx ReservedCodeCacheSize                    = 251658240                              {pd product} {ergonomic}
     bool SegmentedCodeCache                       = true                                      {product} {ergonomic}
   size_t SoftMaxHeapSize                          = 2147483648                             {manageable} {ergonomic}
     bool UseCompressedOops                        = true                           {product lp64_product} {ergonomic}
     bool UseLargePagesIndividualAllocation        = false                                  {pd product} {ergonomic}
     bool UseParallelGC                            = true                                      {product} {command line}

Logging:
Log output configuration:
 #0: stdout all=off uptime,level,tags foldmultilines=false
 #1: stderr all=off uptime,level,tags foldmultilines=false

Release file:
JAVA_VERSION="21.0.10" 
MODULES="java.base java.compiler java.datatransfer java.xml java.prefs java.desktop java.instrument java.logging java.management java.security.sasl java.naming java.rmi java.management.rmi java.net.http java.scripting java.security.jgss java.transaction.xa java.sql java.sql.rowset java.xml.crypto java.se java.smartcardio jdk.accessibility jdk.internal.jvmstat jdk.attach jdk.charsets jdk.internal.opt jdk.zipfs jdk.compiler jdk.crypto.ec jdk.crypto.cryptoki jdk.crypto.mscapi jdk.dynalink jdk.internal.ed jdk.editpad jdk.hotspot.agent jdk.httpserver jdk.internal.le jdk.internal.vm.ci jdk.internal.vm.compiler jdk.internal.vm.compiler.management jdk.jartool jdk.javadoc jdk.jcmd jdk.management jdk.management.agent jdk.jconsole jdk.jdeps jdk.jdwp.agent jdk.jdi jdk.jfr jdk.jshell jdk.jsobject jdk.jstatd jdk.localedata jdk.management.jfr jdk.naming.dns jdk.naming.rmi jdk.net jdk.nio.mapmode jdk.random jdk.sctp jdk.security.auth jdk.security.jgss jdk.unsupported jdk.unsupported.desktop jdk.xml.dom" 

Environment Variables:
PATH=C:\Program Files\Common Files\Oracle\Java\javapath;C:\Windows\system32;C:\Windows;C:\Windows\System32\Wbem;C:\Windows\System32\WindowsPowerShell\v1.0\;C:\Windows\System32\OpenSSH\;C:\Program Files (x86)\NVIDIA Corporation\PhysX\Common;C:\Program Files\NVIDIA Corporation\NVIDIA NvDLISR;C:\Program Files\dotnet\;C:\Program Files\Git\cmd;C:\Program Files (x86)\Microsoft SQL Server\160\Tools\Binn\;C:\Program Files\Microsoft SQL Server\160\Tools\Binn\;C:\Program Files\Microsoft SQL Server\Client SDK\ODBC\170\Tools\Binn\;C:\Program Files\Microsoft SQL Server\160\DTS\Binn\;C:\Program Files (x86)\Microsoft SQL Server\160\DTS\Binn\;C:\Program Files\Microsoft SQL Server\150\Tools\Binn\;C:\Users\ASUS\Documents\flutter_windows_3.32.1-stable\flutter\bin;C:\sqlite;C:\Program Files\Java\jdk-21\bin;C:\Program Files\nodejs\;C:\Program Files\Docker\Docker\resources\bin;C:\Users\ASUS\AppData\Local\Programs\Python\Python314\Scripts\;C:\Users\ASUS\AppData\Local\Programs\Python\Python314\;C:\Users\ASUS\AppData\Local\Programs\Python\Launcher\;C:\Program Files\MySQL\MySQL Shell 8.0\bin\;C:\Users\ASUS\AppData\Local\Microsoft\WindowsApps;C:\Users\ASUS\AppData\Local\Programs\Microsoft VS Code\bin;C:\Users\ASUS\Documents\flutter_windows_3.32.1-stable\flutter\bin;C:\sqlite;C:\Users\ASUS\AppData\Roaming\npm;C:\Users\ASUS\AppData\Local\Programs\Antigravity\bin
USERNAME=ASUS
OS=Windows_NT
PROCESSOR_IDENTIFIER=Intel64 Family 6 Model 154 Stepping 3, GenuineIntel
TMP=C:\Users\ASUS\AppData\Local\Temp
TEMP=C:\Users\ASUS\AppData\Local\Temp




Periodic native trim disabled

---------------  S Y S T E M  ---------------

OS:
 Windows 11 , 64 bit Build 26100 (10.0.26100.7920)
OS uptime: 0 days 3:43 hours
Hyper-V role detected

CPU: total 16 (initial active 16) (8 cores per cpu, 2 threads per core) family 6 model 154 stepping 3 microcode 0x434, cx8, cmov, fxsr, ht, mmx, 3dnowpref, sse, sse2, sse3, ssse3, sse4.1, sse4.2, popcnt, lzcnt, tsc, tscinvbit, avx, avx2, aes, erms, clmul, bmi1, bmi2, adx, sha, fma, vzeroupper, clflush, clflushopt, clwb, hv, serialize, rdtscp, rdpid, fsrm, f16c, cet_ibt, cet_ss
Processor Information for the first 16 processors :
  Max Mhz: 2500, Current Mhz: 2500, Mhz Limit: 2500

Memory: 4k page, system-wide physical 16004M (2606M free)
TotalPageFile size 65156M (AvailPageFile size 6M)
current process WorkingSet (physical memory assigned to process): 47M, peak: 989M
current process commit charge ("private bytes"): 852M, peak: 954M

vm_info: OpenJDK 64-Bit Server VM (21.0.10+7-LTS) for windows-amd64 JRE (21.0.10+7-LTS), built on 2026-01-20T00:00:00Z by "admin" with MS VC++ 17.12 (VS2022)

END.
